12345red67890
12345green67890
12345yellow67890
12345blue67890
12345magenta67890
12345cyan67890
12345underline67890
1234567890
12345ru67890
12345gu67890
12345yu67890
12345bu67890
12345mu67890
12345cu67890
1234567890
12345red67890
12345green67890
12345yellow67890
12345blue67890
12345magenta67890
12345cyan67890
12345underline67890
1234567890
12345ru67890
12345gu67890
12345yu67890
12345bu67890
12345mu67890
12345cu67890
1234567890
12345red67890
12345green67890
12345yellow67890
12345blue67890
12345magenta67890
12345cyan67890
12345underline67890
1234567890
12345ru67890
12345gu67890
12345yu67890
12345bu67890
12345mu67890
12345cu67890
1234567890
12345red67890
12345green67890
12345yellow67890
12345blue67890
12345magenta67890
12345cyan67890
12345underline67890
1234567890
12345ru67890
12345gu67890
12345yu67890
12345bu67890
12345mu67890
12345cu67890
1234567890

